
hp@LAPTOP-NAGSJBMS MINGW64 /c/training program/5508474_SriVenkatesh (main)
$ ls
'Agile certificate.png'   README.md

hp@LAPTOP-NAGSJBMS MINGW64 /c/training program/5508474_SriVenkatesh (main)
$ git push
info: please complete authentication in your browser...
Everything up-to-date

hp@LAPTOP-NAGSJBMS MINGW64 /c/training program/5508474_SriVenkatesh (main)
$ git pull
fatal: unable to access 'https://github.com/SriVenkatesh18/5508474_SriVenkatesh.git/': Could not resolve host: github.com

hp@LAPTOP-NAGSJBMS MINGW64 /c/training program/5508474_SriVenkatesh (main)
$ git pull
fatal: unable to access 'https://github.com/SriVenkatesh18/5508474_SriVenkatesh.git/': Could not resolve host: github.com

hp@LAPTOP-NAGSJBMS MINGW64 /c/training program/5508474_SriVenkatesh (main)
$ git pull
Already up to date.

hp@LAPTOP-NAGSJBMS MINGW64 /c/training program/5508474_SriVenkatesh (main)
$ git commit -m "refresh"
Author identity unknown

*** Please tell me who you are.

Run

  git config --global user.email "you@example.com"
  git config --global user.name "Your Name"

to set your account's default identity.
Omit --global to set the identity only in this repository.

fatal: unable to auto-detect email address (got 'hp@LAPTOP-NAGSJBMS.(none)')

hp@LAPTOP-NAGSJBMS MINGW64 /c/training program/5508474_SriVenkatesh (main)
$ git pull
Already up to date.

hp@LAPTOP-NAGSJBMS MINGW64 /c/training program/5508474_SriVenkatesh (main)
$ git commit -m "refresh"
Author identity unknown

*** Please tell me who you are.

Run

  git config --global user.email "you@example.com"
  git config --global user.name "Your Name"

to set your account's default identity.
Omit --global to set the identity only in this repository.

fatal: unable to auto-detect email address (got 'hp@LAPTOP-NAGSJBMS.(none)')

hp@LAPTOP-NAGSJBMS MINGW64 /c/training program/5508474_SriVenkatesh (main)
$ git config --global user.email "srivenkatesh2003@gmail.com"

hp@LAPTOP-NAGSJBMS MINGW64 /c/training program/5508474_SriVenkatesh (main)
$ git commit -m "refresh"
On branch main
Your branch is up to date with 'origin/main'.

Untracked files:
  (use "git add <file>..." to include in what will be committed)
        Agile certificate.png

nothing added to commit but untracked files present (use "git add" to track)

hp@LAPTOP-NAGSJBMS MINGW64 /c/training program/5508474_SriVenkatesh (main)
$ git add
Nothing specified, nothing added.
hint: Maybe you wanted to say 'git add .'?
hint: Disable this message with "git config set advice.addEmptyPathspec false"

hp@LAPTOP-NAGSJBMS MINGW64 /c/training program/5508474_SriVenkatesh (main)
$ git add Agile certificate,png
fatal: pathspec 'Agile' did not match any files

hp@LAPTOP-NAGSJBMS MINGW64 /c/training program/5508474_SriVenkatesh (main)
$ git add "C:\training program\5508474_SriVenkatesh\Agile certificate.png"

hp@LAPTOP-NAGSJBMS MINGW64 /c/training program/5508474_SriVenkatesh (main)
$ git push
Everything up-to-date

hp@LAPTOP-NAGSJBMS MINGW64 /c/training program/5508474_SriVenkatesh (main)
$ git pull
Already up to date.

hp@LAPTOP-NAGSJBMS MINGW64 /c/training program/5508474_SriVenkatesh (main)
$ git commit -m "refresh"
[main 710af4e] refresh
 1 file changed, 0 insertions(+), 0 deletions(-)
 create mode 100644 Agile certificate.png

hp@LAPTOP-NAGSJBMS MINGW64 /c/training program/5508474_SriVenkatesh (main)
$ git add ^[[200~"C:\training program\5508474_SriVenkatesh\Agile certificate.png"~
fatal: pathspec '?[200~C:\training program\5508474_SriVenkatesh\Agile certificate.png~' did not match any files

hp@LAPTOP-NAGSJBMS MINGW64 /c/training program/5508474_SriVenkatesh (main)
$ ls
'Agile certificate.png'   README.md

hp@LAPTOP-NAGSJBMS MINGW64 /c/training program/5508474_SriVenkatesh (main)
$ git status
On branch main
Your branch is ahead of 'origin/main' by 1 commit.
  (use "git push" to publish your local commits)

nothing to commit, working tree clean

hp@LAPTOP-NAGSJBMS MINGW64 /c/training program/5508474_SriVenkatesh (main)
$ git push
Enumerating objects: 4, done.
Counting objects: 100% (4/4), done.
Delta compression using up to 8 threads
Compressing objects: 100% (3/3), done.
Writing objects: 100% (3/3), 273.82 KiB | 22.82 MiB/s, done.
Total 3 (delta 0), reused 0 (delta 0), pack-reused 0 (from 0)
To https://github.com/SriVenkatesh18/5508474_SriVenkatesh.git
   2de1dae..710af4e  main -> main

hp@LAPTOP-NAGSJBMS MINGW64 /c/training program/5508474_SriVenkatesh (main)
$ ls
'Agile certificate.png'   README.md

hp@LAPTOP-NAGSJBMS MINGW64 /c/training program/5508474_SriVenkatesh (main)
$ git add -A

hp@LAPTOP-NAGSJBMS MINGW64 /c/training program/5508474_SriVenkatesh (main)
$ git status
On branch main
Your branch is up to date with 'origin/main'.

nothing to commit, working tree clean

hp@LAPTOP-NAGSJBMS MINGW64 /c/training program/5508474_SriVenkatesh (main)
$ git commit -m "first commit"
On branch main
Your branch is up to date with 'origin/main'.

nothing to commit, working tree clean

hp@LAPTOP-NAGSJBMS MINGW64 /c/training program/5508474_SriVenkatesh (main)
$ ls
'Agile certificate.png'  'Commands I did.txt'   README.md

hp@LAPTOP-NAGSJBMS MINGW64 /c/training program/5508474_SriVenkatesh (main)
$ git status
On branch main
Your branch is up to date with 'origin/main'.

Untracked files:
  (use "git add <file>..." to include in what will be committed)
        Commands I did.txt

nothing added to commit but untracked files present (use "git add" to track)
hp@LAPTOP-NAGSJBMS MINGW64 /c/training program/5508474_SriVenkatesh (main)

$ git add -A


hp@LAPTOP-NAGSJBMS MINGW64 /c/training program/5508474_SriVenkatesh (main)
$ git commit -m "my second commitment"
[main 56eceb8] my second commitment
 1 file changed, 0 insertions(+), 0 deletions(-)
 create mode 100644 Commands I did.txt


hp@LAPTOP-NAGSJBMS MINGW64 /c/training program/5508474_SriVenkatesh (main)

$ git status
On branch main

Your branch is ahead of 'origin/main' by 1 commit.
  (use "git push" to publish your local commits)

nothing to commit, working tree clean


hp@LAPTOP-NAGSJBMS MINGW64 /c/training program/5508474_SriVenkatesh (main)
$ git push
Enumerating objects: 4, done.
Counting objects: 100% (4/4), done.

Delta compression using up to 8 threads
Compressing objects: 100% (2/2), done.
Writing objects: 100% (3/3), 338 bytes | 112.00 KiB/s, done.

Total 3 (delta 0), reused 0 (delta 0), pack-reused 0 (from 0)
To https://github.com/SriVenkatesh18/5508474_SriVenkatesh.git
   710af4e..56eceb8  main -> main


hp@LAPTOP-NAGSJBMS MINGW64 /c/training program/5508474_SriVenkatesh (main)
$ ls

'Agile certificate.png'  'Commands I did.txt'   README.md


hp@LAPTOP-NAGSJBMS MINGW64 /c/training program/5508474_SriVenkatesh (main)

$

hp@LAPTOP-NAGSJBMS MINGW64 /c/training program/5508474_SriVenkatesh (main)
$ git log

commit 56eceb86d1be43adfb54a1bad519713ca834f10f (HEAD -> main, origin/main, origin/HEAD)

Author: unknown <srivenkatesh2003@gmail.com>
Date:   Wed Jul 23 12:58:31 2025 +0530


    my second commitment

commit 710af4e4495fb9a138c1b7414c02f7e8a31000cc
Author: unknown <srivenkatesh2003@gmail.com>

Date:   Wed Jul 23 12:53:22 2025 +0530

    refresh


commit 2de1dae5cd48fc6c531d31bf9e18c676bc282c96

Author: SriVenkatesh18 <116188110+SriVenkatesh18@users.noreply.github.com>
Date:   Wed Jul 23 11:59:19 2025 +0530


    Initial commit

